// Jest Snapshot v1, https://goo.gl/fbAQLP

exports[`Testing Grid Component Snapshot Testing 1`] = `
Array [
  <div
    class="grid"
    data-testid="grid-container"
  >
    <div
      class="grid__row"
      data-testid="grid-row"
    >
      <div
        class="grid__column"
        data-testid="grid-item"
      >
        <div>
          Cell
        </div>
      </div>
      <div
        class="grid__column"
        data-testid="grid-item"
      >
        <div>
          Cell
        </div>
      </div>
      <div
        class="grid__column"
        data-testid="grid-item"
      >
        <div>
          Cell
        </div>
      </div>
      <div
        class="grid__column"
        data-testid="grid-item"
      >
        <div>
          Cell
        </div>
      </div>
    </div>
    <div
      class="grid__row"
      data-testid="grid-row"
    >
      <div
        class="grid__column"
        data-testid="grid-item"
      >
        <div>
          Cell
        </div>
      </div>
      <div
        class="grid__column"
        data-testid="grid-item"
      >
        <div>
          Cell
        </div>
      </div>
      <div
        class="grid__column"
        data-testid="grid-item"
      >
        <div>
          Cell
        </div>
      </div>
      <div
        class="grid__column"
        data-testid="grid-item"
      >
        <div>
          Cell
        </div>
      </div>
    </div>
    <div
      class="grid__row"
      data-testid="grid-row"
    >
      <div
        class="grid__column"
        data-testid="grid-item"
      >
        <div>
          Cell
        </div>
      </div>
      <div
        class="grid__column"
        data-testid="grid-item"
      >
        <div>
          Cell
        </div>
      </div>
      <div
        class="grid__column"
        data-testid="grid-item"
      >
        <div>
          Cell
        </div>
      </div>
      <div
        class="grid__column"
        data-testid="grid-item"
      >
        <div>
          Cell
        </div>
      </div>
    </div>
  </div>,
]
`;
