// Jest Snapshot v1, https://goo.gl/fbAQLP

exports[`Testing Autocomplete Virtual Scroll Component Snapshot Testing 1`] = `
<div
  data-testid="autocomplete"
>
  <div
    class="autocomplete__toggle"
  >
    <div>
      Sample Children Props
    </div>
    <div
      class="autocomplete__toggle-input"
    >
      <input
        aria-label="autocomplete-input"
        name="keyword"
        placeholder="Search City Name..."
        type="text"
      />
    </div>
  </div>
  <div
    class="autocomplete__content"
  >
    <div
      data-testid="autocomplete-container"
      style="height: 3000px; position: relative;"
    >
      <div
        class="autocomplete__content-item"
        data-testid="autocomplete-item"
        role="button"
        style="height: 60px; left: 0px; position: absolute; top: 0px; transform: translateY(0px); width: 100%;"
        tabindex="0"
      >
        Bay Minette
        <span>
          <i
            class="material-icons"
          >
            location_city
          </i>
          US
           
          30.88296
          , 
          -87.77305
        </span>
      </div>
      <div
        class="autocomplete__content-item"
        data-testid="autocomplete-item"
        role="button"
        style="height: 60px; left: 0px; position: absolute; top: 0px; transform: translateY(60px); width: 100%;"
        tabindex="0"
      >
        Edna
        <span>
          <i
            class="material-icons"
          >
            location_city
          </i>
          US
           
          28.97859
          , 
          -96.64609
        </span>
      </div>
      <div
        class="autocomplete__content-item"
        data-testid="autocomplete-item"
        role="button"
        style="height: 60px; left: 0px; position: absolute; top: 0px; transform: translateY(120px); width: 100%;"
        tabindex="0"
      >
        Bayou La Batre
        <span>
          <i
            class="material-icons"
          >
            location_city
          </i>
          US
           
          30.40352
          , 
          -88.24852
        </span>
      </div>
    </div>
  </div>
</div>
`;
